AD9957Driver.cpp:16:1:AD9957_Driver::AD9957_Driver()	16	static
AD9957Driver.cpp:21:1:AD9957_Driver::~AD9957_Driver()	16	static
AD9957Driver.cpp:21:1:virtual AD9957_Driver::~AD9957_Driver()	16	static
AD9957Driver.cpp:25:9:uint8_t Setup(uint8_t, long int, uint8_t)	24	static
AD9957Driver.cpp:34:9:uint8_t ReportError()	4	static
AD9957Driver.cpp:38:9:uint8_t IOReset()	4	static
AD9957Driver.cpp:43:9:uint8_t SetMode(uint8_t)	16	static
AD9957Driver.cpp:47:9:uint8_t SetupFPGA(uint8_t, uint8_t)	16	static
AD9957Driver.cpp:51:9:uint8_t WriteFPGA(uint16_t*, uint32_t, uint32_t)	24	static
AD9957Driver.cpp:56:10:uint16_t ReadFPGA(uint32_t)	16	static
AD9957Driver.cpp:60:9:uint8_t SetupRamp(double, double, int, double, uint8_t)	40	static
AD9957Driver.cpp:66:9:uint8_t ST_SetFrequency(double)	16	static
AD9957Driver.cpp:70:9:uint8_t ST_SetPhase(double)	16	static
AD9957Driver.cpp:74:9:uint8_t ST_SetAmplitude(double)	16	static
AD9957Driver.cpp:78:9:uint8_t ST_FillRAM_Internal(double, double, double, uint16_t)	40	static
AD9957Driver.cpp:83:9:uint8_t ST_FillRAM_FPGA(double, double, double, uint32_t)	40	static
AD9957Driver.cpp:88:9:uint8_t ST_StartRAMP()	4	static
AD9957Driver.cpp:92:9:uint8_t ST_STOP()	4	static
AD9957Driver.cpp:97:9:uint8_t IDAC_WriteBuffer(uint16_t, uint16_t)	16	static
AD9957Driver.cpp:101:9:uint8_t IDAC_Start()	4	static
AD9957Driver.cpp:105:9:uint8_t IDAC_Stop()	4	static
AD9957Driver.cpp:110:9:uint8_t QDUC_Setup(double)	16	static
AD9957Driver.cpp:114:9:uint8_t QDUC_WriteBuffer(uint16_t, uint16_t, uint16_t)	16	static
AD9957Driver.cpp:118:9:uint8_t QDUC_Start()	4	static
AD9957Driver.cpp:122:9:uint8_t QDUC_Stop()	4	static
AD9957Driver.cpp:127:9:uint8_t RAM_Read(uint16_t)	16	static
AD9957Driver.cpp:131:9:uint8_t RAM_Write(uint16_t, uint32_t)	16	static
