AD9957_Driver.cpp:15:1:AD9957_Driver::AD9957_Driver()	16	static
AD9957_Driver.cpp:20:1:AD9957_Driver::~AD9957_Driver()	16	static
AD9957_Driver.cpp:20:1:virtual AD9957_Driver::~AD9957_Driver()	16	static
AD9957_Driver.cpp:24:9:uint8_t AD9957_Driver::Setup(uint8_t, long int, uint8_t, uint8_t, uint8_t)	32	static
AD9957_Driver.cpp:53:9:uint8_t AD9957_Driver::ReportError()	16	static
AD9957_Driver.cpp:57:9:uint8_t AD9957_Driver::IOReset()	16	static
AD9957_Driver.cpp:62:9:uint8_t AD9957_Driver::SetMode(uint8_t)	16	static
AD9957_Driver.cpp:66:9:uint8_t AD9957_Driver::SetupFPGA(uint8_t, uint8_t)	16	static
AD9957_Driver.cpp:71:9:uint8_t AD9957_Driver::WriteFPGA(uint16_t*, uint32_t, uint32_t)	24	static
AD9957_Driver.cpp:77:10:uint16_t AD9957_Driver::ReadFPGA(uint32_t)	16	static
AD9957_Driver.cpp:81:9:uint8_t AD9957_Driver::SetupRamp(double, double, int, double, uint8_t)	48	static
cmath:415:5:constexpr typename __gnu_cxx::__promote_2<_Tp, _Up>::__type std::pow(_Tp, _Up) [with _Tp = int; _Up = int]	24	static
AD9957_Driver.cpp:88:9:uint8_t AD9957_Driver::ST_SetFrequency(double)	40	static
AD9957_Driver.cpp:93:9:uint8_t AD9957_Driver::ST_SetPhase(double)	32	static
AD9957_Driver.cpp:99:9:uint8_t AD9957_Driver::ST_SetAmplitude(double)	32	static
AD9957_Driver.cpp:104:9:uint8_t AD9957_Driver::ST_FillRAM_Internal(double, double, double, uint16_t)	40	static
AD9957_Driver.cpp:110:9:uint8_t AD9957_Driver::ST_FillRAM_FPGA(double, double, double, uint32_t)	40	static
AD9957_Driver.cpp:116:9:uint8_t AD9957_Driver::ST_StartRAMP()	16	static
AD9957_Driver.cpp:120:9:uint8_t AD9957_Driver::ST_STOP()	16	static
AD9957_Driver.cpp:125:9:uint8_t AD9957_Driver::IDAC_WriteBuffer(uint16_t, uint16_t)	16	static
AD9957_Driver.cpp:130:9:uint8_t AD9957_Driver::IDAC_Start()	16	static
AD9957_Driver.cpp:134:9:uint8_t AD9957_Driver::IDAC_Stop()	16	static
AD9957_Driver.cpp:139:9:uint8_t AD9957_Driver::QDUC_Setup(double)	24	static
AD9957_Driver.cpp:144:9:uint8_t AD9957_Driver::QDUC_WriteBuffer(uint16_t, uint16_t, uint16_t)	24	static
AD9957_Driver.cpp:150:9:uint8_t AD9957_Driver::QDUC_Start()	16	static
AD9957_Driver.cpp:155:9:uint8_t AD9957_Driver::QDUC_Stop()	16	static
AD9957_Driver.cpp:161:9:uint8_t AD9957_Driver::RAM_Read(uint16_t, uint32_t*)	24	static
AD9957_Driver.cpp:165:9:uint8_t AD9957_Driver::RAM_Write(uint16_t, uint32_t)	24	static
AD9957_Driver.cpp:169:9:uint8_t AD9957_Driver::Generate_Registers(uint8_t, uint8_t)	32	static
AD9957_Driver.cpp:208:9:uint8_t AD9957_Driver::WriteRegister(uint8_t)	64	dynamic
AD9957_Driver.cpp:370:10:uint32_t AD9957_Driver::ReadRegister(uint8_t)	16	static
