AD9957_Driver.cpp:15:1:AD9957_Driver::AD9957_Driver()	16	static
AD9957_Driver.cpp:20:1:AD9957_Driver::~AD9957_Driver()	16	static
AD9957_Driver.cpp:20:1:virtual AD9957_Driver::~AD9957_Driver()	16	static
cmath:415:5:constexpr typename __gnu_cxx::__promote_2<_Tp, _Up>::__type std::pow(_Tp, _Up) [with _Tp = int; _Up = int]	24	static
AD9957_Driver.cpp:24:9:uint8_t AD9957_Driver::Setup(uint8_t, long int, uint8_t, uint8_t, uint8_t)	32	static
AD9957_Driver.cpp:117:9:uint8_t AD9957_Driver::ReportError()	16	static
AD9957_Driver.cpp:121:9:uint8_t AD9957_Driver::IOReset()	16	static
AD9957_Driver.cpp:126:9:uint8_t AD9957_Driver::SetMode(uint8_t)	16	static
AD9957_Driver.cpp:130:9:uint8_t AD9957_Driver::SetupFPGA(uint8_t, uint8_t)	16	static
AD9957_Driver.cpp:135:9:uint8_t AD9957_Driver::WriteFPGA(uint16_t*, uint32_t, uint32_t)	24	static
AD9957_Driver.cpp:141:10:uint16_t AD9957_Driver::ReadFPGA(uint32_t)	16	static
AD9957_Driver.cpp:145:9:uint8_t AD9957_Driver::SetupRamp(double, double, int, double, uint8_t)	48	static
AD9957_Driver.cpp:152:9:uint8_t AD9957_Driver::ST_SetFrequency(double)	40	static
AD9957_Driver.cpp:160:9:uint8_t AD9957_Driver::ST_SetPhase(double)	32	static
AD9957_Driver.cpp:166:9:uint8_t AD9957_Driver::ST_SetAmplitude(double)	32	static
AD9957_Driver.cpp:171:9:uint8_t AD9957_Driver::ST_FillRAM_Internal(double, double, double, uint16_t)	40	static
AD9957_Driver.cpp:177:9:uint8_t AD9957_Driver::ST_FillRAM_FPGA(double, double, double, uint32_t)	40	static
AD9957_Driver.cpp:183:9:uint8_t AD9957_Driver::ST_StartRAMPB()	16	static
AD9957_Driver.cpp:187:9:uint8_t AD9957_Driver::ST_StopRAMPB()	16	static
AD9957_Driver.cpp:192:9:uint8_t AD9957_Driver::IDAC_WriteBuffer(uint16_t, uint16_t)	16	static
AD9957_Driver.cpp:197:9:uint8_t AD9957_Driver::IDAC_Start()	16	static
AD9957_Driver.cpp:201:9:uint8_t AD9957_Driver::IDAC_Stop()	16	static
AD9957_Driver.cpp:206:9:uint8_t AD9957_Driver::QDUC_Setup(double)	24	static
AD9957_Driver.cpp:211:9:uint8_t AD9957_Driver::QDUC_WriteBuffer(uint16_t, uint16_t, uint16_t)	24	static
AD9957_Driver.cpp:217:9:uint8_t AD9957_Driver::QDUC_Start()	16	static
AD9957_Driver.cpp:222:9:uint8_t AD9957_Driver::QDUC_Stop()	16	static
AD9957_Driver.cpp:228:9:uint8_t AD9957_Driver::RAM_Read(uint16_t, uint32_t*)	24	static
AD9957_Driver.cpp:232:9:uint8_t AD9957_Driver::RAM_Write(uint16_t, uint32_t)	24	static
AD9957_Driver.cpp:236:9:uint8_t AD9957_Driver::Generate_Registers(uint8_t, uint8_t)	32	static
AD9957_Driver.cpp:328:9:uint8_t AD9957_Driver::WriteRegister(uint8_t)	64	dynamic
AD9957_Driver.cpp:493:10:uint32_t AD9957_Driver::ReadRegister(uint8_t)	16	static
