ADF4355.c:21:9:ADF4355_Setup	32	static
ADF4355.c:122:9:ADF4355_FPGA_Setup	32	static
ADF4355.c:132:9:ADF4355_FPGA_START	24	static
ADF4355.c:139:6:ADF4355_FPGA_WriteData	24	static
ADF4355.c:143:6:ADF4355_FPGA_DUMP	16	static
ADF4355.c:147:6:ADF4355_SetFrequency	16	static
ADF4355.c:153:6:ADF4355_SetPhase	16	static
ADF4355.c:157:6:ADF4355_GetConfig	16	static
ADF4355.c:161:6:ADF4355_ConvertFreq	48	static
ADF4355.c:302:6:ADF4355_WriteData	8	static
ADF4355.c:334:6:ADF4355_WriteDataLite	16	static
ADF4355.c:357:6:ADF4355_WriteRegister	24	static
