ADF4355.c:22:9:ADF4355_Setup	32	static
ADF4355.c:127:9:ADF4355_FPGA_Setup	32	static
ADF4355.c:137:9:ADF4355_FPGA_START	24	static
ADF4355.c:144:6:ADF4355_FPGA_WriteData	24	static
ADF4355.c:148:6:ADF4355_FPGA_DUMP	16	static
ADF4355.c:152:6:ADF4355_SetFrequency	16	static
ADF4355.c:158:6:ADF4355_SetPhase	16	static
ADF4355.c:162:6:ADF4355_GetConfig	16	static
ADF4355.c:166:6:ADF4355_ConvertFreq	24	static
ADF4355.c:330:6:ADF4355_WriteData	8	static
ADF4355.c:362:6:ADF4355_WriteDataLite	16	static
ADF4355.c:385:6:ADF4355_WriteRegister	24	static
