ADF4356_Driver.cpp:10:1:ADF4356_Driver::ADF4356_Driver()	16	static
ADF4356_Driver.cpp:16:1:ADF4356_Driver::~ADF4356_Driver()	16	static
ADF4356_Driver.cpp:16:1:virtual ADF4356_Driver::~ADF4356_Driver()	16	static
ADF4356_Driver.cpp:20:9:uint8_t ADF4356_Driver::Setup(uint8_t, long int, uint8_t, int)	32	static
ADF4356_Driver.cpp:125:9:uint8_t ADF4356_Driver::FPGA_Setup(unsigned char, long int, int, uint8_t)	32	static
ADF4356_Driver.cpp:135:9:uint8_t ADF4356_Driver::FPGA_START(unsigned char)	24	static
ADF4356_Driver.cpp:142:6:void ADF4356_Driver::FPGA_WriteData(float, float, int)	24	static
ADF4356_Driver.cpp:146:6:void ADF4356_Driver::FPGA_DUMP(int)	16	static
ADF4356_Driver.cpp:150:6:void ADF4356_Driver::SetFrequency(double)	24	static
ADF4356_Driver.cpp:156:6:void ADF4356_Driver::SetPhase(float)	16	static
ADF4356_Driver.cpp:160:6:void ADF4356_Driver::GetConfig(int*)	16	static
cmath:415:5:constexpr typename __gnu_cxx::__promote_2<_Tp, _Up>::__type std::pow(_Tp, _Up) [with _Tp = int; _Up = int]	24	static
ADF4356_Driver.cpp:164:6:void ADF4356_Driver::ConvertFreq(double)	40	static
ADF4356_Driver.cpp:328:6:void ADF4356_Driver::WriteData()	16	static
ADF4356_Driver.cpp:360:6:void ADF4356_Driver::WriteDataLite(uint8_t)	16	static
ADF4356_Driver.cpp:383:6:void ADF4356_Driver::WriteRegister(int)	24	static
ADF4356_Driver.cpp:393:10:uint32_t ADF4356_Driver::ReadRegister(uint8_t)	16	static
