stm32f4xx_it.c:81:6:NMI_Handler	4	static
stm32f4xx_it.c:94:6:HardFault_Handler	4	static
stm32f4xx_it.c:109:6:MemManage_Handler	4	static
stm32f4xx_it.c:124:6:BusFault_Handler	4	static
stm32f4xx_it.c:139:6:UsageFault_Handler	4	static
stm32f4xx_it.c:154:6:DebugMon_Handler	4	static
stm32f4xx_it.c:174:6:DMA1_Stream0_IRQHandler	8	static
stm32f4xx_it.c:188:6:DMA1_Stream3_IRQHandler	8	static
stm32f4xx_it.c:202:6:DMA1_Stream4_IRQHandler	8	static
stm32f4xx_it.c:216:6:DMA1_Stream6_IRQHandler	8	static
stm32f4xx_it.c:230:6:TIM1_UP_TIM10_IRQHandler	8	static
stm32f4xx_it.c:244:6:DMA2_Stream0_IRQHandler	8	static
stm32f4xx_it.c:258:6:DMA2_Stream2_IRQHandler	8	static
stm32f4xx_it.c:272:6:DMA2_Stream3_IRQHandler	8	static
stm32f4xx_it.c:286:6:DMA2_Stream4_IRQHandler	8	static
stm32f4xx_it.c:300:6:OTG_FS_IRQHandler	8	static
stm32f4xx_it.c:314:6:DMA2_Stream7_IRQHandler	8	static
